Binop(Literal(1), Add, Literal(2))
Binop(Literal(4), Add, FloatLit(5.6))
Binop(Literal(3), Sub, Literal(2))
Binop(Literal(2), Mult, Literal(3))
Binop(Literal(10), Div, Literal(5))
Binop(Literal(9), Mod, Literal(4))
Unop(Neg, Literal(100))
Binop(Literal(4), Mult, Binop(Literal(3), Sub, Literal(1)))